ESTUDIANTE@5-206-10 MINGW64 ~/Documents/Monica/app_crud_flutter_Monica
$ git status
fatal: not a git repository (or any of the parent directories): .git

ESTUDIANTE@5-206-10 MINGW64 ~/Documents/Monica/app_crud_flutter_Monica
$ git init
Initialized empty Git repository in C:/Users/ESTUDIANTE/Documents/Monica/app_crud_flutter_Monica/.git/

ESTUDIANTE@5-206-10 MINGW64 ~/Documents/Monica/app_crud_flutter_Monica (master)
$ git add .

ESTUDIANTE@5-206-10 MINGW64 ~/Documents/Monica/app_crud_flutter_Monica (master)
$ git status
On branch master

No commits yet

Changes to be committed:
  (use "git rm --cached <file>..." to unstage)
        new file:   .gitignore
        new file:   .metadata
        new file:   README.md
        new file:   analysis_options.yaml
        new file:   android/.gitignore
        new file:   android/app/build.gradle
        new file:   android/app/src/debug/AndroidManifest.xml
        new file:   android/app/src/main/AndroidManifest.xml
        new file:   android/app/src/main/kotlin/com/example/app_crud_flutter/MainActivity.kt
        new file:   android/app/src/main/res/drawable-v21/launch_background.xml
        new file:   android/app/src/main/res/drawable/launch_background.xml
        new file:   android/app/src/main/res/mipmap-hdpi/ic_launcher.png
        new file:   android/app/src/main/res/mipmap-mdpi/ic_launcher.png
        new file:   android/app/src/main/res/mipmap-xhdpi/ic_launcher.png
        new file:   android/app/src/main/res/mipmap-xxhdpi/ic_launcher.png
        new file:   android/app/src/main/res/mipmap-xxxhdpi/ic_launcher.png
        new file:   android/app/src/main/res/values-night/styles.xml
        new file:   android/app/src/main/res/values/styles.xml
        new file:   android/app/src/profile/AndroidManifest.xml
        new file:   android/build.gradle
        new file:   android/gradle.properties
        new file:   android/gradle/wrapper/gradle-wrapper.properties
        new file:   android/settings.gradle
        new file:   ios/.gitignore
        new file:   ios/Flutter/AppFrameworkInfo.plist
        new file:   ios/Flutter/Debug.xcconfig
        new file:   ios/Flutter/Release.xcconfig
        new file:   ios/Runner.xcodeproj/project.pbxproj
        new file:   ios/Runner.xcodeproj/project.xcworkspace/contents.xcworkspacedata
        new file:   ios/Runner.xcodeproj/project.xcworkspace/xcshareddata/IDEWorkspaceChecks.plist
        new file:   ios/Runner.xcodeproj/project.xcworkspace/xcshareddata/WorkspaceSettings.xcsettings
        new file:   ios/Runner.xcodeproj/xcshareddata/xcschemes/Runner.xcscheme
        new file:   ios/Runner.xcworkspace/contents.xcworkspacedata
        new file:   ios/Runner.xcworkspace/xcshareddata/IDEWorkspaceChecks.plist
        new file:   ios/Runner.xcworkspace/xcshareddata/WorkspaceSettings.xcsettings
        new file:   ios/Runner/AppDelegate.swift
        new file:   ios/Runner/Assets.xcassets/AppIcon.appiconset/Contents.json
        new file:   ios/Runner/Assets.xcassets/AppIcon.appiconset/Icon-App-1024x1024@1x.png
        new file:   ios/Runner/Assets.xcassets/AppIcon.appiconset/Icon-App-20x20@1x.png
        new file:   ios/Runner/Assets.xcassets/AppIcon.appiconset/Icon-App-20x20@2x.png
        new file:   ios/Runner/Assets.xcassets/AppIcon.appiconset/Icon-App-20x20@3x.png
        new file:   ios/Runner/Assets.xcassets/AppIcon.appiconset/Icon-App-29x29@1x.png
        new file:   ios/Runner/Assets.xcassets/AppIcon.appiconset/Icon-App-29x29@2x.png
        new file:   ios/Runner/Assets.xcassets/AppIcon.appiconset/Icon-App-29x29@3x.png
        new file:   ios/Runner/Assets.xcassets/AppIcon.appiconset/Icon-App-40x40@1x.png
        new file:   ios/Runner/Assets.xcassets/AppIcon.appiconset/Icon-App-40x40@2x.png
        new file:   ios/Runner/Assets.xcassets/AppIcon.appiconset/Icon-App-40x40@3x.png
        new file:   ios/Runner/Assets.xcassets/AppIcon.appiconset/Icon-App-60x60@2x.png
        new file:   ios/Runner/Assets.xcassets/AppIcon.appiconset/Icon-App-60x60@3x.png
        new file:   ios/Runner/Assets.xcassets/AppIcon.appiconset/Icon-App-76x76@1x.png
        new file:   ios/Runner/Assets.xcassets/AppIcon.appiconset/Icon-App-76x76@2x.png
        new file:   ios/Runner/Assets.xcassets/AppIcon.appiconset/Icon-App-83.5x83.5@2x.png
        new file:   ios/Runner/Assets.xcassets/LaunchImage.imageset/Contents.json
        new file:   ios/Runner/Assets.xcassets/LaunchImage.imageset/LaunchImage.png
        new file:   ios/Runner/Assets.xcassets/LaunchImage.imageset/LaunchImage@2x.png
        new file:   ios/Runner/Assets.xcassets/LaunchImage.imageset/LaunchImage@3x.png
        new file:   ios/Runner/Assets.xcassets/LaunchImage.imageset/README.md
        new file:   ios/Runner/Base.lproj/LaunchScreen.storyboard
        new file:   ios/Runner/Base.lproj/Main.storyboard
        new file:   ios/Runner/Info.plist
        new file:   ios/Runner/Runner-Bridging-Header.h
        new file:   lib/add_product.dart
        new file:   lib/home_page.dart
        new file:   lib/main.dart
        new file:   lib/message_response.dart
        new file:   lib/modify_product.dart
        new file:   lib/text_box.dart
        new file:   linux/.gitignore
        new file:   linux/CMakeLists.txt
        new file:   linux/flutter/CMakeLists.txt
        new file:   linux/flutter/generated_plugin_registrant.cc
        new file:   linux/flutter/generated_plugin_registrant.h
        new file:   linux/flutter/generated_plugins.cmake
        new file:   linux/main.cc
        new file:   linux/my_application.cc
        new file:   linux/my_application.h
        new file:   macos/.gitignore
        new file:   macos/Flutter/Flutter-Debug.xcconfig
        new file:   macos/Flutter/Flutter-Release.xcconfig
        new file:   macos/Flutter/GeneratedPluginRegistrant.swift
        new file:   macos/Runner.xcodeproj/project.pbxproj
        new file:   macos/Runner.xcodeproj/project.xcworkspace/xcshareddata/IDEWorkspaceChecks.plist
        new file:   macos/Runner.xcodeproj/xcshareddata/xcschemes/Runner.xcscheme
        new file:   macos/Runner.xcworkspace/contents.xcworkspacedata
        new file:   macos/Runner.xcworkspace/xcshareddata/IDEWorkspaceChecks.plist
        new file:   macos/Runner/AppDelegate.swift
        new file:   macos/Runner/Assets.xcassets/AppIcon.appiconset/Contents.json
        new file:   macos/Runner/Assets.xcassets/AppIcon.appiconset/app_icon_1024.png
        new file:   macos/Runner/Assets.xcassets/AppIcon.appiconset/app_icon_128.png
        new file:   macos/Runner/Assets.xcassets/AppIcon.appiconset/app_icon_16.png
        new file:   macos/Runner/Assets.xcassets/AppIcon.appiconset/app_icon_256.png
        new file:   macos/Runner/Assets.xcassets/AppIcon.appiconset/app_icon_32.png
        new file:   macos/Runner/Assets.xcassets/AppIcon.appiconset/app_icon_512.png
        new file:   macos/Runner/Assets.xcassets/AppIcon.appiconset/app_icon_64.png
        new file:   macos/Runner/Base.lproj/MainMenu.xib
        new file:   macos/Runner/Configs/AppInfo.xcconfig
        new file:   macos/Runner/Configs/Debug.xcconfig
        new file:   macos/Runner/Configs/Release.xcconfig
        new file:   macos/Runner/Configs/Warnings.xcconfig
        new file:   macos/Runner/DebugProfile.entitlements
        new file:   macos/Runner/Info.plist
        new file:   macos/Runner/MainFlutterWindow.swift
        new file:   macos/Runner/Release.entitlements
        new file:   pubspec.lock
        new file:   pubspec.yaml
        new file:   web/favicon.png
        new file:   web/icons/Icon-192.png
        new file:   web/icons/Icon-512.png
        new file:   web/icons/Icon-maskable-192.png
        new file:   web/icons/Icon-maskable-512.png
        new file:   web/index.html
        new file:   web/manifest.json
        new file:   windows/.gitignore
        new file:   windows/CMakeLists.txt
        new file:   windows/flutter/CMakeLists.txt
        new file:   windows/flutter/generated_plugin_registrant.cc
        new file:   windows/flutter/generated_plugin_registrant.h
        new file:   windows/flutter/generated_plugins.cmake
        new file:   windows/runner/CMakeLists.txt
        new file:   windows/runner/Runner.rc
        new file:   windows/runner/flutter_window.cpp
        new file:   windows/runner/flutter_window.h
        new file:   windows/runner/main.cpp
        new file:   windows/runner/resource.h
        new file:   windows/runner/resources/app_icon.ico
        new file:   windows/runner/runner.exe.manifest
        new file:   windows/runner/utils.cpp
        new file:   windows/runner/utils.h
        new file:   windows/runner/win32_window.cpp
        new file:   windows/runner/win32_window.h


ESTUDIANTE@5-206-10 MINGW64 ~/Documents/Monica/app_crud_flutter_Monica (master)
$ git commit -m "se agrega los archivos del proyecto"
[master (root-commit) 116d40b] se agrega los archivos del proyecto
 130 files changed, 4633 insertions(+)
 create mode 100644 .gitignore
 create mode 100644 .metadata
 create mode 100644 README.md
 create mode 100644 analysis_options.yaml
 create mode 100644 android/.gitignore
 create mode 100644 android/app/build.gradle
 create mode 100644 android/app/src/debug/AndroidManifest.xml
 create mode 100644 android/app/src/main/AndroidManifest.xml
 create mode 100644 android/app/src/main/kotlin/com/example/app_crud_flutter/MainActivity.kt
 create mode 100644 android/app/src/main/res/drawable-v21/launch_background.xml
 create mode 100644 android/app/src/main/res/drawable/launch_background.xml
 create mode 100644 android/app/src/main/res/mipmap-hdpi/ic_launcher.png
 create mode 100644 android/app/src/main/res/mipmap-mdpi/ic_launcher.png
 create mode 100644 android/app/src/main/res/mipmap-xhdpi/ic_launcher.png
 create mode 100644 android/app/src/main/res/mipmap-xxhdpi/ic_launcher.png
 create mode 100644 android/app/src/main/res/mipmap-xxxhdpi/ic_launcher.png
 create mode 100644 android/app/src/main/res/values-night/styles.xml
 create mode 100644 android/app/src/main/res/values/styles.xml
 create mode 100644 android/app/src/profile/AndroidManifest.xml
 create mode 100644 android/build.gradle
 create mode 100644 android/gradle.properties
 create mode 100644 android/gradle/wrapper/gradle-wrapper.properties
 create mode 100644 android/settings.gradle
 create mode 100644 ios/.gitignore
 create mode 100644 ios/Flutter/AppFrameworkInfo.plist
 create mode 100644 ios/Flutter/Debug.xcconfig
 create mode 100644 ios/Flutter/Release.xcconfig
 create mode 100644 ios/Runner.xcodeproj/project.pbxproj
 create mode 100644 ios/Runner.xcodeproj/project.xcworkspace/contents.xcworkspacedata
 create mode 100644 ios/Runner.xcodeproj/project.xcworkspace/xcshareddata/IDEWorkspaceChecks.plist
 create mode 100644 ios/Runner.xcodeproj/project.xcworkspace/xcshareddata/WorkspaceSettings.xcsettings
 create mode 100644 ios/Runner.xcodeproj/xcshareddata/xcschemes/Runner.xcscheme
 create mode 100644 ios/Runner.xcworkspace/contents.xcworkspacedata
 create mode 100644 ios/Runner.xcworkspace/xcshareddata/IDEWorkspaceChecks.plist
 create mode 100644 ios/Runner.xcworkspace/xcshareddata/WorkspaceSettings.xcsettings
 create mode 100644 ios/Runner/AppDelegate.swift
 create mode 100644 ios/Runner/Assets.xcassets/AppIcon.appiconset/Contents.json
 create mode 100644 ios/Runner/Assets.xcassets/AppIcon.appiconset/Icon-App-1024x1024@1x.png
 create mode 100644 ios/Runner/Assets.xcassets/AppIcon.appiconset/Icon-App-20x20@1x.png
 create mode 100644 ios/Runner/Assets.xcassets/AppIcon.appiconset/Icon-App-20x20@2x.png
 create mode 100644 ios/Runner/Assets.xcassets/AppIcon.appiconset/Icon-App-20x20@3x.png
 create mode 100644 ios/Runner/Assets.xcassets/AppIcon.appiconset/Icon-App-29x29@1x.png
 create mode 100644 ios/Runner/Assets.xcassets/AppIcon.appiconset/Icon-App-29x29@2x.png
 create mode 100644 ios/Runner/Assets.xcassets/AppIcon.appiconset/Icon-App-29x29@3x.png
 create mode 100644 ios/Runner/Assets.xcassets/AppIcon.appiconset/Icon-App-40x40@1x.png
 create mode 100644 ios/Runner/Assets.xcassets/AppIcon.appiconset/Icon-App-40x40@2x.png
 create mode 100644 ios/Runner/Assets.xcassets/AppIcon.appiconset/Icon-App-40x40@3x.png
 create mode 100644 ios/Runner/Assets.xcassets/AppIcon.appiconset/Icon-App-60x60@2x.png
 create mode 100644 ios/Runner/Assets.xcassets/AppIcon.appiconset/Icon-App-60x60@3x.png
 create mode 100644 ios/Runner/Assets.xcassets/AppIcon.appiconset/Icon-App-76x76@1x.png
 create mode 100644 ios/Runner/Assets.xcassets/AppIcon.appiconset/Icon-App-76x76@2x.png
 create mode 100644 ios/Runner/Assets.xcassets/AppIcon.appiconset/Icon-App-83.5x83.5@2x.png
 create mode 100644 ios/Runner/Assets.xcassets/LaunchImage.imageset/Contents.json
 create mode 100644 ios/Runner/Assets.xcassets/LaunchImage.imageset/LaunchImage.png
 create mode 100644 ios/Runner/Assets.xcassets/LaunchImage.imageset/LaunchImage@2x.png
 create mode 100644 ios/Runner/Assets.xcassets/LaunchImage.imageset/LaunchImage@3x.png
 create mode 100644 ios/Runner/Assets.xcassets/LaunchImage.imageset/README.md
 create mode 100644 ios/Runner/Base.lproj/LaunchScreen.storyboard
 create mode 100644 ios/Runner/Base.lproj/Main.storyboard
 create mode 100644 ios/Runner/Info.plist
 create mode 100644 ios/Runner/Runner-Bridging-Header.h
 create mode 100644 lib/add_product.dart
 create mode 100644 lib/home_page.dart
 create mode 100644 lib/main.dart
 create mode 100644 lib/message_response.dart
 create mode 100644 lib/modify_product.dart
 create mode 100644 lib/text_box.dart
 create mode 100644 linux/.gitignore
 create mode 100644 linux/CMakeLists.txt
 create mode 100644 linux/flutter/CMakeLists.txt
 create mode 100644 linux/flutter/generated_plugin_registrant.cc
 create mode 100644 linux/flutter/generated_plugin_registrant.h
 create mode 100644 linux/flutter/generated_plugins.cmake
 create mode 100644 linux/main.cc
 create mode 100644 linux/my_application.cc
 create mode 100644 linux/my_application.h
 create mode 100644 macos/.gitignore
 create mode 100644 macos/Flutter/Flutter-Debug.xcconfig
 create mode 100644 macos/Flutter/Flutter-Release.xcconfig
 create mode 100644 macos/Flutter/GeneratedPluginRegistrant.swift
 create mode 100644 macos/Runner.xcodeproj/project.pbxproj
 create mode 100644 macos/Runner.xcodeproj/project.xcworkspace/xcshareddata/IDEWorkspaceChecks.plist
 create mode 100644 macos/Runner.xcodeproj/xcshareddata/xcschemes/Runner.xcscheme
 create mode 100644 macos/Runner.xcworkspace/contents.xcworkspacedata
 create mode 100644 macos/Runner.xcworkspace/xcshareddata/IDEWorkspaceChecks.plist
 create mode 100644 macos/Runner/AppDelegate.swift
 create mode 100644 macos/Runner/Assets.xcassets/AppIcon.appiconset/Contents.json
 create mode 100644 macos/Runner/Assets.xcassets/AppIcon.appiconset/app_icon_1024.png
 create mode 100644 macos/Runner/Assets.xcassets/AppIcon.appiconset/app_icon_128.png
 create mode 100644 macos/Runner/Assets.xcassets/AppIcon.appiconset/app_icon_16.png
 create mode 100644 macos/Runner/Assets.xcassets/AppIcon.appiconset/app_icon_256.png
 create mode 100644 macos/Runner/Assets.xcassets/AppIcon.appiconset/app_icon_32.png
 create mode 100644 macos/Runner/Assets.xcassets/AppIcon.appiconset/app_icon_512.png
 create mode 100644 macos/Runner/Assets.xcassets/AppIcon.appiconset/app_icon_64.png
 create mode 100644 macos/Runner/Base.lproj/MainMenu.xib
 create mode 100644 macos/Runner/Configs/AppInfo.xcconfig
 create mode 100644 macos/Runner/Configs/Debug.xcconfig
 create mode 100644 macos/Runner/Configs/Release.xcconfig
 create mode 100644 macos/Runner/Configs/Warnings.xcconfig
 create mode 100644 macos/Runner/DebugProfile.entitlements
 create mode 100644 macos/Runner/Info.plist
 create mode 100644 macos/Runner/MainFlutterWindow.swift
 create mode 100644 macos/Runner/Release.entitlements
 create mode 100644 pubspec.lock
 create mode 100644 pubspec.yaml
 create mode 100644 web/favicon.png
 create mode 100644 web/icons/Icon-192.png
 create mode 100644 web/icons/Icon-512.png
 create mode 100644 web/icons/Icon-maskable-192.png
 create mode 100644 web/icons/Icon-maskable-512.png
 create mode 100644 web/index.html
 create mode 100644 web/manifest.json
 create mode 100644 windows/.gitignore
 create mode 100644 windows/CMakeLists.txt
 create mode 100644 windows/flutter/CMakeLists.txt
 create mode 100644 windows/flutter/generated_plugin_registrant.cc
 create mode 100644 windows/flutter/generated_plugin_registrant.h
 create mode 100644 windows/flutter/generated_plugins.cmake
 create mode 100644 windows/runner/CMakeLists.txt
 create mode 100644 windows/runner/Runner.rc
 create mode 100644 windows/runner/flutter_window.cpp
 create mode 100644 windows/runner/flutter_window.h
 create mode 100644 windows/runner/main.cpp
 create mode 100644 windows/runner/resource.h
 create mode 100644 windows/runner/resources/app_icon.ico
 create mode 100644 windows/runner/runner.exe.manifest
 create mode 100644 windows/runner/utils.cpp
 create mode 100644 windows/runner/utils.h
 create mode 100644 windows/runner/win32_window.cpp
 create mode 100644 windows/runner/win32_window.h

ESTUDIANTE@5-206-10 MINGW64 ~/Documents/Monica/app_crud_flutter_Monica (master)
$ git branch -M master

ESTUDIANTE@5-206-10 MINGW64 ~/Documents/Monica/app_crud_flutter_Monica (master)
$ git remote add origin https://github.com/Moli333/app_crud_flutter_Monica.git

ESTUDIANTE@5-206-10 MINGW64 ~/Documents/Monica/app_crud_flutter_Monica (master)
$ git push -u origin main
error: src refspec main does not match any
error: failed to push some refs to 'https://github.com/Moli333/app_crud_flutter_Monica.git'

ESTUDIANTE@5-206-10 MINGW64 ~/Documents/Monica/app_crud_flutter_Monica (master)
$ git push -u origin master
Enumerating objects: 176, done.
Counting objects: 100% (176/176), done.
Delta compression using up to 4 threads
Compressing objects: 100% (149/149), done.
Writing objects: 100% (176/176), 279.76 KiB | 7.99 MiB/s, done.
Total 176 (delta 19), reused 0 (delta 0), pack-reused 0
remote: Resolving deltas: 100% (19/19), done.
To https://github.com/Moli333/app_crud_flutter_Monica.git
 * [new branch]      master -> master
branch 'master' set up to track 'origin/master'.

ESTUDIANTE@5-206-10 MINGW64 ~/Documents/Monica/app_crud_flutter_Monica (master)
$
